2026-05-12 20:10:36 - __main__ - INFO - Starting PDF ingestion from: Agri_docs
2026-05-12 20:10:36 - ingestion.orchestrator - INFO - Found 12 PDF files to ingest
2026-05-12 20:10:36 - ingestion.orchestrator - INFO - Starting ingestion for Agri_docs\Doubling-of-Farmers-Income-updated-092020-min.pdf
2026-05-12 20:10:40 - ingestion.pdf_parser - INFO - Successfully extracted text from Agri_docs\Doubling-of-Farmers-Income-updated-092020-min.pdf
2026-05-12 20:10:40 - ingestion.metadata_extractor - INFO - Extracting metadata from Doubling-of-Farmers-Income-updated-092020-min.pdf
2026-05-12 20:10:41 - ingestion.metadata_extractor - INFO - Extracted metadata: {'filename': 'Doubling-of-Farmers-Income-updated-092020-min.pdf', 'language': 'english', 'crops': ['maize', 'wheat', 'paddy', 'cotton'], 'diseases': ['leaf_spot', 'shoot_fly', 'root_rot', 'stem_borer', 'powdery_mildew', 'blast'], 'seasons': ['rabi', 'summer', 'spring', 'kharif'], 'regions': ['uttar_pradesh', 'karnataka', 'maharashtra', 'haryana', 'punjab', 'madhya_pradesh'], 'year': '2020'}
2026-05-12 20:10:41 - ingestion.orchestrator - INFO - Extracted metadata: {'filename': 'Doubling-of-Farmers-Income-updated-092020-min.pdf', 'language': 'english', 'crops': ['maize', 'wheat', 'paddy', 'cotton'], 'diseases': ['leaf_spot', 'shoot_fly', 'root_rot', 'stem_borer', 'powdery_mildew', 'blast'], 'seasons': ['rabi', 'summer', 'spring', 'kharif'], 'regions': ['uttar_pradesh', 'karnataka', 'maharashtra', 'haryana', 'punjab', 'madhya_pradesh'], 'year': '2020'}
2026-05-12 20:10:41 - ingestion.chunking - INFO - Chunking document (1573400 chars, ~393350 tokens)
2026-05-12 20:10:41 - ingestion.chunking - INFO - Created 3284 chunks (avg: 141 tokens)
2026-05-12 20:10:41 - ingestion.orchestrator - INFO - Created 3284 chunks
2026-05-12 20:10:41 - ingestion.orchestrator - INFO - Saved processed document to data\processed\Doubling-of-Farmers-Income-updated-092020-min_processed.json
2026-05-12 20:10:41 - ingestion.orchestrator - INFO - Successfully ingested Doubling-of-Farmers-Income-updated-092020-min.pdf
2026-05-12 20:10:41 - ingestion.orchestrator - INFO - Starting ingestion for Agri_docs\farmerbook.pdf
2026-05-12 20:10:41 - ingestion.pdf_parser - INFO - Successfully extracted text from Agri_docs\farmerbook.pdf
2026-05-12 20:10:41 - ingestion.metadata_extractor - INFO - Extracting metadata from farmerbook.pdf
2026-05-12 20:10:41 - ingestion.metadata_extractor - INFO - Extracted metadata: {'filename': 'farmerbook.pdf', 'language': 'english', 'crops': ['maize', 'wheat', 'paddy', 'cotton'], 'diseases': ['leaf_spot', 'blast', 'stem_borer', 'root_rot'], 'seasons': ['rabi', 'summer', 'spring', 'kharif'], 'regions': ['uttar_pradesh', 'karnataka', 'maharashtra', 'punjab', 'madhya_pradesh']}
2026-05-12 20:10:41 - ingestion.orchestrator - INFO - Extracted metadata: {'filename': 'farmerbook.pdf', 'language': 'english', 'crops': ['maize', 'wheat', 'paddy', 'cotton'], 'diseases': ['leaf_spot', 'blast', 'stem_borer', 'root_rot'], 'seasons': ['rabi', 'summer', 'spring', 'kharif'], 'regions': ['uttar_pradesh', 'karnataka', 'maharashtra', 'punjab', 'madhya_pradesh']}
2026-05-12 20:10:41 - ingestion.chunking - INFO - Chunking document (277088 chars, ~69272 tokens)
2026-05-12 20:10:41 - ingestion.chunking - INFO - Created 356 chunks (avg: 237 tokens)
2026-05-12 20:10:41 - ingestion.orchestrator - INFO - Created 356 chunks
2026-05-12 20:10:41 - ingestion.orchestrator - INFO - Saved processed document to data\processed\farmerbook_processed.json
2026-05-12 20:10:41 - ingestion.orchestrator - INFO - Successfully ingested farmerbook.pdf
2026-05-12 20:10:41 - ingestion.orchestrator - INFO - Starting ingestion for Agri_docs\farmerhandbook2016.pdf
2026-05-12 20:10:41 - ingestion.pdf_parser - INFO - Successfully extracted text from Agri_docs\farmerhandbook2016.pdf
2026-05-12 20:10:41 - ingestion.metadata_extractor - INFO - Extracting metadata from farmerhandbook2016.pdf
2026-05-12 20:10:41 - ingestion.metadata_extractor - INFO - Extracted metadata: {'filename': 'farmerhandbook2016.pdf', 'language': 'english', 'crops': ['maize', 'wheat', 'paddy', 'cotton'], 'diseases': ['leaf_spot', 'blast', 'stem_borer', 'root_rot'], 'seasons': ['rabi', 'summer', 'spring', 'kharif'], 'regions': ['uttar_pradesh', 'karnataka', 'maharashtra', 'punjab', 'madhya_pradesh'], 'year': '2016'}
2026-05-12 20:10:41 - ingestion.orchestrator - INFO - Extracted metadata: {'filename': 'farmerhandbook2016.pdf', 'language': 'english', 'crops': ['maize', 'wheat', 'paddy', 'cotton'], 'diseases': ['leaf_spot', 'blast', 'stem_borer', 'root_rot'], 'seasons': ['rabi', 'summer', 'spring', 'kharif'], 'regions': ['uttar_pradesh', 'karnataka', 'maharashtra', 'punjab', 'madhya_pradesh'], 'year': '2016'}
2026-05-12 20:10:41 - ingestion.chunking - INFO - Chunking document (277088 chars, ~69272 tokens)
2026-05-12 20:10:41 - ingestion.chunking - INFO - Created 356 chunks (avg: 237 tokens)
2026-05-12 20:10:41 - ingestion.orchestrator - INFO - Created 356 chunks
2026-05-12 20:10:41 - ingestion.orchestrator - INFO - Saved processed document to data\processed\farmerhandbook2016_processed.json
2026-05-12 20:10:41 - ingestion.orchestrator - INFO - Successfully ingested farmerhandbook2016.pdf
2026-05-12 20:10:41 - ingestion.orchestrator - INFO - Starting ingestion for Agri_docs\Farmer_Friendly_Handbook_ENGLISH_2018_19.pdf
2026-05-12 20:10:42 - ingestion.pdf_parser - INFO - Successfully extracted text from Agri_docs\Farmer_Friendly_Handbook_ENGLISH_2018_19.pdf
2026-05-12 20:10:42 - ingestion.metadata_extractor - INFO - Extracting metadata from Farmer_Friendly_Handbook_ENGLISH_2018_19.pdf
2026-05-12 20:10:42 - ingestion.metadata_extractor - INFO - Extracted metadata: {'filename': 'Farmer_Friendly_Handbook_ENGLISH_2018_19.pdf', 'language': 'english', 'crops': ['maize', 'wheat', 'paddy', 'cotton'], 'diseases': [], 'seasons': ['rabi', 'summer', 'kharif'], 'regions': ['uttar_pradesh', 'maharashtra', 'haryana', 'punjab', 'madhya_pradesh'], 'year': '2018'}
2026-05-12 20:10:42 - ingestion.orchestrator - INFO - Extracted metadata: {'filename': 'Farmer_Friendly_Handbook_ENGLISH_2018_19.pdf', 'language': 'english', 'crops': ['maize', 'wheat', 'paddy', 'cotton'], 'diseases': [], 'seasons': ['rabi', 'summer', 'kharif'], 'regions': ['uttar_pradesh', 'maharashtra', 'haryana', 'punjab', 'madhya_pradesh'], 'year': '2018'}
2026-05-12 20:10:42 - ingestion.chunking - INFO - Chunking document (151378 chars, ~37844 tokens)
2026-05-12 20:10:42 - ingestion.chunking - INFO - Created 285 chunks (avg: 145 tokens)
2026-05-12 20:10:42 - ingestion.orchestrator - INFO - Created 285 chunks
2026-05-12 20:10:42 - ingestion.orchestrator - INFO - Saved processed document to data\processed\Farmer_Friendly_Handbook_ENGLISH_2018_19_processed.json
2026-05-12 20:10:42 - ingestion.orchestrator - INFO - Successfully ingested Farmer_Friendly_Handbook_ENGLISH_2018_19.pdf
2026-05-12 20:10:42 - ingestion.orchestrator - INFO - Starting ingestion for Agri_docs\ICAR-En-Kharif-Agro-Advisories-for-Farmers-2025.pdf
2026-05-12 20:10:43 - ingestion.pdf_parser - INFO - Successfully extracted text from Agri_docs\ICAR-En-Kharif-Agro-Advisories-for-Farmers-2025.pdf
2026-05-12 20:10:43 - ingestion.metadata_extractor - INFO - Extracting metadata from ICAR-En-Kharif-Agro-Advisories-for-Farmers-2025.pdf
2026-05-12 20:10:43 - ingestion.metadata_extractor - INFO - Extracted metadata: {'filename': 'ICAR-En-Kharif-Agro-Advisories-for-Farmers-2025.pdf', 'language': 'english', 'crops': ['maize', 'wheat', 'paddy', 'cotton'], 'diseases': ['leaf_spot', 'root_rot', 'stem_borer', 'powdery_mildew', 'blast'], 'seasons': ['rabi', 'summer', 'spring', 'kharif'], 'regions': ['uttar_pradesh', 'karnataka', 'maharashtra', 'haryana', 'punjab', 'madhya_pradesh'], 'season': 'kharif', 'year': '2025'}
2026-05-12 20:10:43 - ingestion.orchestrator - INFO - Extracted metadata: {'filename': 'ICAR-En-Kharif-Agro-Advisories-for-Farmers-2025.pdf', 'language': 'english', 'crops': ['maize', 'wheat', 'paddy', 'cotton'], 'diseases': ['leaf_spot', 'root_rot', 'stem_borer', 'powdery_mildew', 'blast'], 'seasons': ['rabi', 'summer', 'spring', 'kharif'], 'regions': ['uttar_pradesh', 'karnataka', 'maharashtra', 'haryana', 'punjab', 'madhya_pradesh'], 'season': 'kharif', 'year': '2025'}
2026-05-12 20:10:43 - ingestion.chunking - INFO - Chunking document (806753 chars, ~201688 tokens)
2026-05-12 20:10:43 - ingestion.chunking - INFO - Created 721 chunks (avg: 327 tokens)
2026-05-12 20:10:43 - ingestion.orchestrator - INFO - Created 721 chunks
2026-05-12 20:10:43 - ingestion.orchestrator - INFO - Saved processed document to data\processed\ICAR-En-Kharif-Agro-Advisories-for-Farmers-2025_processed.json
2026-05-12 20:10:43 - ingestion.orchestrator - INFO - Successfully ingested ICAR-En-Kharif-Agro-Advisories-for-Farmers-2025.pdf
2026-05-12 20:10:43 - ingestion.orchestrator - INFO - Starting ingestion for Agri_docs\ICAR-Kharif-Agro-Advisories-for-Farmers-2025__multi-language (1).pdf
2026-05-12 20:10:44 - ingestion.pdf_parser - INFO - Successfully extracted text from Agri_docs\ICAR-Kharif-Agro-Advisories-for-Farmers-2025__multi-language (1).pdf
2026-05-12 20:10:44 - ingestion.metadata_extractor - INFO - Extracting metadata from ICAR-Kharif-Agro-Advisories-for-Farmers-2025__multi-language (1).pdf
2026-05-12 20:10:44 - ingestion.metadata_extractor - INFO - Extracted metadata: {'filename': 'ICAR-Kharif-Agro-Advisories-for-Farmers-2025__multi-language (1).pdf', 'language': 'english', 'crops': ['maize', 'wheat', 'paddy', 'cotton'], 'diseases': ['leaf_spot', 'shoot_fly', 'root_rot', 'stem_borer', 'blast'], 'seasons': ['rabi', 'summer', 'spring', 'kharif'], 'regions': ['uttar_pradesh', 'karnataka', 'maharashtra', 'haryana', 'punjab', 'madhya_pradesh'], 'season': 'kharif', 'year': '2025'}
2026-05-12 20:10:44 - ingestion.orchestrator - INFO - Extracted metadata: {'filename': 'ICAR-Kharif-Agro-Advisories-for-Farmers-2025__multi-language (1).pdf', 'language': 'english', 'crops': ['maize', 'wheat', 'paddy', 'cotton'], 'diseases': ['leaf_spot', 'shoot_fly', 'root_rot', 'stem_borer', 'blast'], 'seasons': ['rabi', 'summer', 'spring', 'kharif'], 'regions': ['uttar_pradesh', 'karnataka', 'maharashtra', 'haryana', 'punjab', 'madhya_pradesh'], 'season': 'kharif', 'year': '2025'}
2026-05-12 20:10:44 - ingestion.chunking - INFO - Chunking document (767151 chars, ~191787 tokens)
2026-05-12 20:10:44 - ingestion.chunking - INFO - Created 430 chunks (avg: 486 tokens)
2026-05-12 20:10:44 - ingestion.orchestrator - INFO - Created 430 chunks
2026-05-12 20:10:44 - ingestion.orchestrator - INFO - Saved processed document to data\processed\ICAR-Kharif-Agro-Advisories-for-Farmers-2025__multi-language (1)_processed.json
2026-05-12 20:10:44 - ingestion.orchestrator - INFO - Successfully ingested ICAR-Kharif-Agro-Advisories-for-Farmers-2025__multi-language (1).pdf
2026-05-12 20:10:44 - ingestion.orchestrator - INFO - Starting ingestion for Agri_docs\ICAR-technologies-Biofertilizers.pdf
2026-05-12 20:10:44 - ingestion.pdf_parser - INFO - Successfully extracted text from Agri_docs\ICAR-technologies-Biofertilizers.pdf
2026-05-12 20:10:44 - ingestion.metadata_extractor - INFO - Extracting metadata from ICAR-technologies-Biofertilizers.pdf
2026-05-12 20:10:44 - ingestion.metadata_extractor - INFO - Extracted metadata: {'filename': 'ICAR-technologies-Biofertilizers.pdf', 'language': 'english', 'crops': ['maize', 'wheat', 'paddy', 'cotton'], 'diseases': ['root_rot'], 'seasons': ['rabi', 'summer'], 'regions': ['uttar_pradesh', 'karnataka', 'maharashtra', 'haryana', 'punjab', 'madhya_pradesh']}
2026-05-12 20:10:44 - ingestion.orchestrator - INFO - Extracted metadata: {'filename': 'ICAR-technologies-Biofertilizers.pdf', 'language': 'english', 'crops': ['maize', 'wheat', 'paddy', 'cotton'], 'diseases': ['root_rot'], 'seasons': ['rabi', 'summer'], 'regions': ['uttar_pradesh', 'karnataka', 'maharashtra', 'haryana', 'punjab', 'madhya_pradesh']}
2026-05-12 20:10:44 - ingestion.chunking - INFO - Chunking document (63466 chars, ~15866 tokens)
2026-05-12 20:10:44 - ingestion.chunking - INFO - Created 166 chunks (avg: 96 tokens)
2026-05-12 20:10:44 - ingestion.orchestrator - INFO - Created 166 chunks
2026-05-12 20:10:44 - ingestion.orchestrator - INFO - Saved processed document to data\processed\ICAR-technologies-Biofertilizers_processed.json
2026-05-12 20:10:44 - ingestion.orchestrator - INFO - Successfully ingested ICAR-technologies-Biofertilizers.pdf
2026-05-12 20:10:44 - ingestion.orchestrator - INFO - Starting ingestion for Agri_docs\ICAR-Technologies-Biopesticides.pdf
2026-05-12 20:10:45 - ingestion.pdf_parser - INFO - Successfully extracted text from Agri_docs\ICAR-Technologies-Biopesticides.pdf
2026-05-12 20:10:45 - ingestion.metadata_extractor - INFO - Extracting metadata from ICAR-Technologies-Biopesticides.pdf
2026-05-12 20:10:45 - ingestion.metadata_extractor - INFO - Extracted metadata: {'filename': 'ICAR-Technologies-Biopesticides.pdf', 'language': 'english', 'crops': ['maize', 'wheat', 'paddy'], 'diseases': ['powdery_mildew', 'blast', 'stem_borer', 'root_rot'], 'seasons': [], 'regions': ['karnataka', 'maharashtra', 'madhya_pradesh', 'uttar_pradesh']}
2026-05-12 20:10:45 - ingestion.orchestrator - INFO - Extracted metadata: {'filename': 'ICAR-Technologies-Biopesticides.pdf', 'language': 'english', 'crops': ['maize', 'wheat', 'paddy'], 'diseases': ['powdery_mildew', 'blast', 'stem_borer', 'root_rot'], 'seasons': [], 'regions': ['karnataka', 'maharashtra', 'madhya_pradesh', 'uttar_pradesh']}
2026-05-12 20:10:45 - ingestion.chunking - INFO - Chunking document (49358 chars, ~12339 tokens)
2026-05-12 20:10:45 - ingestion.chunking - INFO - Created 133 chunks (avg: 93 tokens)
2026-05-12 20:10:45 - ingestion.orchestrator - INFO - Created 133 chunks
2026-05-12 20:10:45 - ingestion.orchestrator - INFO - Saved processed document to data\processed\ICAR-Technologies-Biopesticides_processed.json
2026-05-12 20:10:45 - ingestion.orchestrator - INFO - Successfully ingested ICAR-Technologies-Biopesticides.pdf
2026-05-12 20:10:45 - ingestion.orchestrator - INFO - Starting ingestion for Agri_docs\Kharif-agro-advisory-2021-final.pdf
2026-05-12 20:10:48 - ingestion.pdf_parser - INFO - Successfully extracted text from Agri_docs\Kharif-agro-advisory-2021-final.pdf
2026-05-12 20:10:48 - ingestion.metadata_extractor - INFO - Extracting metadata from Kharif-agro-advisory-2021-final.pdf
2026-05-12 20:10:48 - ingestion.metadata_extractor - INFO - Extracted metadata: {'filename': 'Kharif-agro-advisory-2021-final.pdf', 'language': 'english', 'crops': ['maize', 'wheat', 'paddy', 'cotton'], 'diseases': ['leaf_spot', 'root_rot', 'stem_borer', 'powdery_mildew', 'blast'], 'seasons': ['rabi', 'summer', 'spring', 'kharif'], 'regions': ['uttar_pradesh', 'karnataka', 'maharashtra', 'haryana', 'punjab', 'madhya_pradesh'], 'season': 'kharif', 'year': '2021'}
2026-05-12 20:10:48 - ingestion.orchestrator - INFO - Extracted metadata: {'filename': 'Kharif-agro-advisory-2021-final.pdf', 'language': 'english', 'crops': ['maize', 'wheat', 'paddy', 'cotton'], 'diseases': ['leaf_spot', 'root_rot', 'stem_borer', 'powdery_mildew', 'blast'], 'seasons': ['rabi', 'summer', 'spring', 'kharif'], 'regions': ['uttar_pradesh', 'karnataka', 'maharashtra', 'haryana', 'punjab', 'madhya_pradesh'], 'season': 'kharif', 'year': '2021'}
2026-05-12 20:10:48 - ingestion.chunking - INFO - Chunking document (401785 chars, ~100446 tokens)
2026-05-12 20:10:48 - ingestion.chunking - INFO - Created 493 chunks (avg: 203 tokens)
2026-05-12 20:10:48 - ingestion.orchestrator - INFO - Created 493 chunks
2026-05-12 20:10:48 - ingestion.orchestrator - INFO - Saved processed document to data\processed\Kharif-agro-advisory-2021-final_processed.json
2026-05-12 20:10:48 - ingestion.orchestrator - INFO - Successfully ingested Kharif-agro-advisory-2021-final.pdf
2026-05-12 20:10:48 - ingestion.orchestrator - INFO - Starting ingestion for Agri_docs\Kharif-agro-advisory-2022.pdf
2026-05-12 20:10:56 - ingestion.pdf_parser - INFO - Successfully extracted text from Agri_docs\Kharif-agro-advisory-2022.pdf
2026-05-12 20:10:56 - ingestion.metadata_extractor - INFO - Extracting metadata from Kharif-agro-advisory-2022.pdf
2026-05-12 20:10:56 - ingestion.metadata_extractor - INFO - Extracted metadata: {'filename': 'Kharif-agro-advisory-2022.pdf', 'language': 'english', 'crops': ['maize', 'wheat', 'paddy', 'cotton'], 'diseases': ['leaf_spot', 'root_rot', 'stem_borer', 'powdery_mildew', 'blast'], 'seasons': ['rabi', 'summer', 'spring', 'kharif'], 'regions': ['uttar_pradesh', 'karnataka', 'maharashtra', 'haryana', 'punjab', 'madhya_pradesh'], 'season': 'kharif', 'year': '2022'}
2026-05-12 20:10:56 - ingestion.orchestrator - INFO - Extracted metadata: {'filename': 'Kharif-agro-advisory-2022.pdf', 'language': 'english', 'crops': ['maize', 'wheat', 'paddy', 'cotton'], 'diseases': ['leaf_spot', 'root_rot', 'stem_borer', 'powdery_mildew', 'blast'], 'seasons': ['rabi', 'summer', 'spring', 'kharif'], 'regions': ['uttar_pradesh', 'karnataka', 'maharashtra', 'haryana', 'punjab', 'madhya_pradesh'], 'season': 'kharif', 'year': '2022'}
2026-05-12 20:10:56 - ingestion.chunking - INFO - Chunking document (518184 chars, ~129546 tokens)
2026-05-12 20:10:56 - ingestion.chunking - INFO - Created 530 chunks (avg: 299 tokens)
2026-05-12 20:10:56 - ingestion.orchestrator - INFO - Created 530 chunks
2026-05-12 20:10:56 - ingestion.orchestrator - INFO - Saved processed document to data\processed\Kharif-agro-advisory-2022_processed.json
2026-05-12 20:10:56 - ingestion.orchestrator - INFO - Successfully ingested Kharif-agro-advisory-2022.pdf
2026-05-12 20:10:56 - ingestion.orchestrator - INFO - Starting ingestion for Agri_docs\Rabi-Agro-Advisory-2021-22_0.pdf
2026-05-12 20:11:00 - ingestion.pdf_parser - INFO - Successfully extracted text from Agri_docs\Rabi-Agro-Advisory-2021-22_0.pdf
2026-05-12 20:11:00 - ingestion.metadata_extractor - INFO - Extracting metadata from Rabi-Agro-Advisory-2021-22_0.pdf
2026-05-12 20:11:00 - ingestion.metadata_extractor - INFO - Extracted metadata: {'filename': 'Rabi-Agro-Advisory-2021-22_0.pdf', 'language': 'english', 'crops': ['maize', 'wheat', 'paddy', 'cotton'], 'diseases': ['leaf_spot', 'root_rot', 'stem_borer', 'powdery_mildew', 'blast'], 'seasons': ['rabi', 'summer', 'spring', 'kharif'], 'regions': ['uttar_pradesh', 'karnataka', 'maharashtra', 'haryana', 'punjab', 'madhya_pradesh'], 'season': 'rabi', 'year': '2021'}
2026-05-12 20:11:00 - ingestion.orchestrator - INFO - Extracted metadata: {'filename': 'Rabi-Agro-Advisory-2021-22_0.pdf', 'language': 'english', 'crops': ['maize', 'wheat', 'paddy', 'cotton'], 'diseases': ['leaf_spot', 'root_rot', 'stem_borer', 'powdery_mildew', 'blast'], 'seasons': ['rabi', 'summer', 'spring', 'kharif'], 'regions': ['uttar_pradesh', 'karnataka', 'maharashtra', 'haryana', 'punjab', 'madhya_pradesh'], 'season': 'rabi', 'year': '2021'}
2026-05-12 20:11:00 - ingestion.chunking - INFO - Chunking document (689032 chars, ~172258 tokens)
2026-05-12 20:11:00 - ingestion.chunking - INFO - Created 612 chunks (avg: 344 tokens)
2026-05-12 20:11:00 - ingestion.orchestrator - INFO - Created 612 chunks
2026-05-12 20:11:00 - ingestion.orchestrator - INFO - Saved processed document to data\processed\Rabi-Agro-Advisory-2021-22_0_processed.json
2026-05-12 20:11:00 - ingestion.orchestrator - INFO - Successfully ingested Rabi-Agro-Advisory-2021-22_0.pdf
2026-05-12 20:11:00 - ingestion.orchestrator - INFO - Starting ingestion for Agri_docs\Technical-Manual-on-Natural_Farming_10.03.2025.pdf
2026-05-12 20:11:01 - ingestion.pdf_parser - INFO - Successfully extracted text from Agri_docs\Technical-Manual-on-Natural_Farming_10.03.2025.pdf
2026-05-12 20:11:01 - ingestion.metadata_extractor - INFO - Extracting metadata from Technical-Manual-on-Natural_Farming_10.03.2025.pdf
2026-05-12 20:11:01 - ingestion.metadata_extractor - INFO - Extracted metadata: {'filename': 'Technical-Manual-on-Natural_Farming_10.03.2025.pdf', 'language': 'english', 'crops': ['maize', 'wheat', 'paddy', 'cotton'], 'diseases': ['leaf_spot', 'shoot_fly', 'root_rot', 'stem_borer', 'powdery_mildew'], 'seasons': ['rabi', 'summer', 'kharif'], 'regions': ['uttar_pradesh', 'karnataka', 'maharashtra', 'haryana', 'punjab', 'madhya_pradesh'], 'year': '2025'}
2026-05-12 20:11:01 - ingestion.orchestrator - INFO - Extracted metadata: {'filename': 'Technical-Manual-on-Natural_Farming_10.03.2025.pdf', 'language': 'english', 'crops': ['maize', 'wheat', 'paddy', 'cotton'], 'diseases': ['leaf_spot', 'shoot_fly', 'root_rot', 'stem_borer', 'powdery_mildew'], 'seasons': ['rabi', 'summer', 'kharif'], 'regions': ['uttar_pradesh', 'karnataka', 'maharashtra', 'haryana', 'punjab', 'madhya_pradesh'], 'year': '2025'}
2026-05-12 20:11:01 - ingestion.chunking - INFO - Chunking document (480165 chars, ~120041 tokens)
2026-05-12 20:11:01 - ingestion.chunking - INFO - Created 952 chunks (avg: 146 tokens)
2026-05-12 20:11:01 - ingestion.orchestrator - INFO - Created 952 chunks
2026-05-12 20:11:01 - ingestion.orchestrator - INFO - Saved processed document to data\processed\Technical-Manual-on-Natural_Farming_10.03.2025_processed.json
2026-05-12 20:11:01 - ingestion.orchestrator - INFO - Successfully ingested Technical-Manual-on-Natural_Farming_10.03.2025.pdf
2026-05-12 20:11:01 - ingestion.orchestrator - INFO - Batch ingestion complete: 12/12 files processed, 8318 total chunks created
2026-05-12 20:11:01 - __main__ - INFO - Summary saved to: ingestion_results.json
2026-05-12 20:15:07 - ingestion.pdf_parser - INFO - Successfully extracted text from Agri_docs/Doubling-of-Farmers-Income-updated-092020-min.pdf
2026-05-12 20:15:07 - ingestion.metadata_extractor - INFO - Extracting metadata from test_paddy_kharif_2025.pdf
2026-05-12 20:15:07 - ingestion.metadata_extractor - INFO - Extracted metadata: {'filename': 'test_paddy_kharif_2025.pdf', 'language': 'english', 'crops': ['paddy'], 'diseases': ['blast', 'leaf_spot'], 'seasons': ['kharif'], 'regions': ['madhya_pradesh', 'haryana', 'punjab'], 'season': 'kharif', 'year': '2025'}
2026-05-12 20:15:07 - ingestion.chunking - INFO - Chunking document (1603 chars, ~400 tokens)
2026-05-12 20:15:07 - ingestion.chunking - INFO - Created 2 chunks (avg: 207 tokens)
2026-05-12 20:15:07 - ingestion.orchestrator - INFO - Starting ingestion for Agri_docs\Doubling-of-Farmers-Income-updated-092020-min.pdf
2026-05-12 20:15:11 - ingestion.pdf_parser - INFO - Successfully extracted text from Agri_docs\Doubling-of-Farmers-Income-updated-092020-min.pdf
2026-05-12 20:15:11 - ingestion.metadata_extractor - INFO - Extracting metadata from Doubling-of-Farmers-Income-updated-092020-min.pdf
2026-05-12 20:15:11 - ingestion.metadata_extractor - INFO - Extracted metadata: {'filename': 'Doubling-of-Farmers-Income-updated-092020-min.pdf', 'language': 'english', 'crops': ['wheat', 'paddy', 'cotton', 'maize'], 'diseases': ['powdery_mildew', 'shoot_fly', 'root_rot', 'stem_borer', 'leaf_spot', 'blast'], 'seasons': ['kharif', 'spring', 'rabi', 'summer'], 'regions': ['maharashtra', 'karnataka', 'uttar_pradesh', 'haryana', 'punjab', 'madhya_pradesh'], 'year': '2020'}
2026-05-12 20:15:11 - ingestion.orchestrator - INFO - Extracted metadata: {'filename': 'Doubling-of-Farmers-Income-updated-092020-min.pdf', 'language': 'english', 'crops': ['wheat', 'paddy', 'cotton', 'maize'], 'diseases': ['powdery_mildew', 'shoot_fly', 'root_rot', 'stem_borer', 'leaf_spot', 'blast'], 'seasons': ['kharif', 'spring', 'rabi', 'summer'], 'regions': ['maharashtra', 'karnataka', 'uttar_pradesh', 'haryana', 'punjab', 'madhya_pradesh'], 'year': '2020'}
2026-05-12 20:15:11 - ingestion.chunking - INFO - Chunking document (1573400 chars, ~393350 tokens)
2026-05-12 20:15:12 - ingestion.chunking - INFO - Created 3284 chunks (avg: 141 tokens)
2026-05-12 20:15:12 - ingestion.orchestrator - INFO - Created 3284 chunks
2026-05-12 20:15:12 - ingestion.orchestrator - INFO - Saved processed document to data\processed\Doubling-of-Farmers-Income-updated-092020-min_processed.json
2026-05-12 20:15:12 - ingestion.orchestrator - INFO - Successfully ingested Doubling-of-Farmers-Income-updated-092020-min.pdf
